Archive member included to satisfy reference by file (symbol)

f:/stm32_ide/stm32cubeide_1.10.1/stm32cubeide/plugins/com.st.stm32cube.ide.mcu.externaltools.gnu-tools-for-stm32.10.3-2021.10.win32_1.0.0.202111181127/tools/bin/../lib/gcc/arm-none-eabi/10.3.1/../../../../arm-none-eabi/lib/thumb/v7-m/nofp\libc_nano.a(lib_a-errno.o)
                              ./Core/Src/syscalls.o (__errno)
f:/stm32_ide/stm32cubeide_1.10.1/stm32cubeide/plugins/com.st.stm32cube.ide.mcu.externaltools.gnu-tools-for-stm32.10.3-2021.10.win32_1.0.0.202111181127/tools/bin/../lib/gcc/arm-none-eabi/10.3.1/../../../../arm-none-eabi/lib/thumb/v7-m/nofp\libc_nano.a(lib_a-exit.o)
                              f:/stm32_ide/stm32cubeide_1.10.1/stm32cubeide/plugins/com.st.stm32cube.ide.mcu.externaltools.gnu-tools-for-stm32.10.3-2021.10.win32_1.0.0.202111181127/tools/bin/../lib/gcc/arm-none-eabi/10.3.1/../../../../arm-none-eabi/lib/thumb/v7-m/nofp/crt0.o (exit)
f:/stm32_ide/stm32cubeide_1.10.1/stm32cubeide/plugins/com.st.stm32cube.ide.mcu.externaltools.gnu-tools-for-stm32.10.3-2021.10.win32_1.0.0.202111181127/tools/bin/../lib/gcc/arm-none-eabi/10.3.1/../../../../arm-none-eabi/lib/thumb/v7-m/nofp\libc_nano.a(lib_a-impure.o)
                              f:/stm32_ide/stm32cubeide_1.10.1/stm32cubeide/plugins/com.st.stm32cube.ide.mcu.externaltools.gnu-tools-for-stm32.10.3-2021.10.win32_1.0.0.202111181127/tools/bin/../lib/gcc/arm-none-eabi/10.3.1/../../../../arm-none-eabi/lib/thumb/v7-m/nofp\libc_nano.a(lib_a-exit.o) (_global_impure_ptr)
f:/stm32_ide/stm32cubeide_1.10.1/stm32cubeide/plugins/com.st.stm32cube.ide.mcu.externaltools.gnu-tools-for-stm32.10.3-2021.10.win32_1.0.0.202111181127/tools/bin/../lib/gcc/arm-none-eabi/10.3.1/../../../../arm-none-eabi/lib/thumb/v7-m/nofp\libc_nano.a(lib_a-init.o)
                              f:/stm32_ide/stm32cubeide_1.10.1/stm32cubeide/plugins/com.st.stm32cube.ide.mcu.externaltools.gnu-tools-for-stm32.10.3-2021.10.win32_1.0.0.202111181127/tools/bin/../lib/gcc/arm-none-eabi/10.3.1/../../../../arm-none-eabi/lib/thumb/v7-m/nofp/crt0.o (__libc_init_array)
f:/stm32_ide/stm32cubeide_1.10.1/stm32cubeide/plugins/com.st.stm32cube.ide.mcu.externaltools.gnu-tools-for-stm32.10.3-2021.10.win32_1.0.0.202111181127/tools/bin/../lib/gcc/arm-none-eabi/10.3.1/../../../../arm-none-eabi/lib/thumb/v7-m/nofp\libc_nano.a(lib_a-memset.o)
                              f:/stm32_ide/stm32cubeide_1.10.1/stm32cubeide/plugins/com.st.stm32cube.ide.mcu.externaltools.gnu-tools-for-stm32.10.3-2021.10.win32_1.0.0.202111181127/tools/bin/../lib/gcc/arm-none-eabi/10.3.1/../../../../arm-none-eabi/lib/thumb/v7-m/nofp/crt0.o (memset)

Discarded input sections

 .text          0x0000000000000000        0x0 f:/stm32_ide/stm32cubeide_1.10.1/stm32cubeide/plugins/com.st.stm32cube.ide.mcu.externaltools.gnu-tools-for-stm32.10.3-2021.10.win32_1.0.0.202111181127/tools/bin/../lib/gcc/arm-none-eabi/10.3.1/thumb/v7-m/nofp/crti.o
 .data          0x0000000000000000        0x0 f:/stm32_ide/stm32cubeide_1.10.1/stm32cubeide/plugins/com.st.stm32cube.ide.mcu.externaltools.gnu-tools-for-stm32.10.3-2021.10.win32_1.0.0.202111181127/tools/bin/../lib/gcc/arm-none-eabi/10.3.1/thumb/v7-m/nofp/crti.o
 .bss           0x0000000000000000        0x0 f:/stm32_ide/stm32cubeide_1.10.1/stm32cubeide/plugins/com.st.stm32cube.ide.mcu.externaltools.gnu-tools-for-stm32.10.3-2021.10.win32_1.0.0.202111181127/tools/bin/../lib/gcc/arm-none-eabi/10.3.1/thumb/v7-m/nofp/crti.o
 .data          0x0000000000000000        0x4 f:/stm32_ide/stm32cubeide_1.10.1/stm32cubeide/plugins/com.st.stm32cube.ide.mcu.externaltools.gnu-tools-for-stm32.10.3-2021.10.win32_1.0.0.202111181127/tools/bin/../lib/gcc/arm-none-eabi/10.3.1/thumb/v7-m/nofp/crtbegin.o
 .rodata        0x0000000000000000       0x24 f:/stm32_ide/stm32cubeide_1.10.1/stm32cubeide/plugins/com.st.stm32cube.ide.mcu.externaltools.gnu-tools-for-stm32.10.3-2021.10.win32_1.0.0.202111181127/tools/bin/../lib/gcc/arm-none-eabi/10.3.1/thumb/v7-m/nofp/crtbegin.o
 .text          0x0000000000000000       0x7c f:/stm32_ide/stm32cubeide_1.10.1/stm32cubeide/plugins/com.st.stm32cube.ide.mcu.externaltools.gnu-tools-for-stm32.10.3-2021.10.win32_1.0.0.202111181127/tools/bin/../lib/gcc/arm-none-eabi/10.3.1/../../../../arm-none-eabi/lib/thumb/v7-m/nofp/crt0.o
 .data          0x0000000000000000        0x0 f:/stm32_ide/stm32cubeide_1.10.1/stm32cubeide/plugins/com.st.stm32cube.ide.mcu.externaltools.gnu-tools-for-stm32.10.3-2021.10.win32_1.0.0.202111181127/tools/bin/../lib/gcc/arm-none-eabi/10.3.1/../../../../arm-none-eabi/lib/thumb/v7-m/nofp/crt0.o
 .bss           0x0000000000000000        0x0 f:/stm32_ide/stm32cubeide_1.10.1/stm32cubeide/plugins/com.st.stm32cube.ide.mcu.externaltools.gnu-tools-for-stm32.10.3-2021.10.win32_1.0.0.202111181127/tools/bin/../lib/gcc/arm-none-eabi/10.3.1/../../../../arm-none-eabi/lib/thumb/v7-m/nofp/crt0.o
[...]
Memory Configuration

Name             Origin             Length             Attributes
RAM              0x0000000020000000 0x0000000000002800 xrw
FLASH            0x0000000008000000 0x0000000000008000 xr
*default*        0x0000000000000000 0xffffffffffffffff

Linker script and memory map

LOAD f:/stm32_ide/stm32cubeide_1.10.1/stm32cubeide/plugins/com.st.stm32cube.ide.mcu.externaltools.gnu-tools-for-stm32.10.3-2021.10.win32_1.0.0.202111181127/tools/bin/../lib/gcc/arm-none-eabi/10.3.1/thumb/v7-m/nofp/crti.o
LOAD f:/stm32_ide/stm32cubeide_1.10.1/stm32cubeide/plugins/com.st.stm32cube.ide.mcu.externaltools.gnu-tools-for-stm32.10.3-2021.10.win32_1.0.0.202111181127/tools/bin/../lib/gcc/arm-none-eabi/10.3.1/thumb/v7-m/nofp/crtbegin.o
LOAD f:/stm32_ide/stm32cubeide_1.10.1/stm32cubeide/plugins/com.st.stm32cube.ide.mcu.externaltools.gnu-tools-for-stm32.10.3-2021.10.win32_1.0.0.202111181127/tools/bin/../lib/gcc/arm-none-eabi/10.3.1/../../../../arm-none-eabi/lib/thumb/v7-m/nofp/crt0.o
LOAD ./Core/Src/button_reading.o
LOAD ./Core/Src/fsm_midterm.o
LOAD ./Core/Src/globalVar.o
LOAD ./Core/Src/input_processing.o
LOAD ./Core/Src/led_7seg.o
LOAD ./Core/Src/main.o
LOAD ./Core/Src/software_timer.o
LOAD ./Core/Src/stm32f1xx_hal_msp.o
LOAD ./Core/Src/stm32f1xx_it.o
LOAD ./Core/Src/syscalls.o
LOAD ./Core/Src/sysmem.o
LOAD ./Core/Src/system_stm32f1xx.o
LOAD ./Core/Startup/startup_stm32f103c6ux.o
LOAD ./Drivers/STM32F1xx_HAL_Driver/Src/stm32f1xx_hal.o
LOAD ./Drivers/STM32F1xx_HAL_Driver/Src/stm32f1xx_hal_cortex.o
LOAD ./Drivers/STM32F1xx_HAL_Driver/Src/stm32f1xx_hal_dma.o
LOAD ./Drivers/STM32F1xx_HAL_Driver/Src/stm32f1xx_hal_exti.o
LOAD ./Drivers/STM32F1xx_HAL_Driver/Src/stm32f1xx_hal_flash.o
LOAD ./Drivers/STM32F1xx_HAL_Driver/Src/stm32f1xx_hal_flash_ex.o
LOAD ./Drivers/STM32F1xx_HAL_Driver/Src/stm32f1xx_hal_gpio.o
LOAD ./Drivers/STM32F1xx_HAL_Driver/Src/stm32f1xx_hal_gpio_ex.o
LOAD ./Drivers/STM32F1xx_HAL_Driver/Src/stm32f1xx_hal_pwr.o
LOAD ./Drivers/STM32F1xx_HAL_Driver/Src/stm32f1xx_hal_rcc.o
LOAD ./Drivers/STM32F1xx_HAL_Driver/Src/stm32f1xx_hal_rcc_ex.o
LOAD ./Drivers/STM32F1xx_HAL_Driver/Src/stm32f1xx_hal_tim.o
LOAD ./Drivers/STM32F1xx_HAL_Driver/Src/stm32f1xx_hal_tim_ex.o
START GROUP
LOAD f:/stm32_ide/stm32cubeide_1.10.1/stm32cubeide/plugins/com.st.stm32cube.ide.mcu.externaltools.gnu-tools-for-stm32.10.3-2021.10.win32_1.0.0.202111181127/tools/bin/../lib/gcc/arm-none-eabi/10.3.1/../../../../arm-none-eabi/lib/thumb/v7-m/nofp\libc_nano.a
LOAD f:/stm32_ide/stm32cubeide_1.10.1/stm32cubeide/plugins/com.st.stm32cube.ide.mcu.externaltools.gnu-tools-for-stm32.10.3-2021.10.win32_1.0.0.202111181127/tools/bin/../lib/gcc/arm-none-eabi/10.3.1/../../../../arm-none-eabi/lib/thumb/v7-m/nofp\libm.a
END GROUP
START GROUP
LOAD f:/stm32_ide/stm32cubeide_1.10.1/stm32cubeide/plugins/com.st.stm32cube.ide.mcu.externaltools.gnu-tools-for-stm32.10.3-2021.10.win32_1.0.0.202111181127/tools/bin/../lib/gcc/arm-none-eabi/10.3.1/thumb/v7-m/nofp\libgcc.a
LOAD f:/stm32_ide/stm32cubeide_1.10.1/stm32cubeide/plugins/com.st.stm32cube.ide.mcu.externaltools.gnu-tools-for-stm32.10.3-2021.10.win32_1.0.0.202111181127/tools/bin/../lib/gcc/arm-none-eabi/10.3.1/../../../../arm-none-eabi/lib/thumb/v7-m/nofp\libc_nano.a
END GROUP
START GROUP
LOAD f:/stm32_ide/stm32cubeide_1.10.1/stm32cubeide/plugins/com.st.stm32cube.ide.mcu.externaltools.gnu-tools-for-stm32.10.3-2021.10.win32_1.0.0.202111181127/tools/bin/../lib/gcc/arm-none-eabi/10.3.1/thumb/v7-m/nofp\libgcc.a
LOAD f:/stm32_ide/stm32cubeide_1.10.1/stm32cubeide/plugins/com.st.stm32cube.ide.mcu.externaltools.gnu-tools-for-stm32.10.3-2021.10.win32_1.0.0.202111181127/tools/bin/../lib/gcc/arm-none-eabi/10.3.1/../../../../arm-none-eabi/lib/thumb/v7-m/nofp\libc_nano.a
LOAD f:/stm32_ide/stm32cubeide_1.10.1/stm32cubeide/plugins/com.st.stm32cube.ide.mcu.externaltools.gnu-tools-for-stm32.10.3-2021.10.win32_1.0.0.202111181127/tools/bin/../lib/gcc/arm-none-eabi/10.3.1/../../../../arm-none-eabi/lib/thumb/v7-m/nofp\libnosys.a
END GROUP
START GROUP
LOAD f:/stm32_ide/stm32cubeide_1.10.1/stm32cubeide/plugins/com.st.stm32cube.ide.mcu.externaltools.gnu-tools-for-stm32.10.3-2021.10.win32_1.0.0.202111181127/tools/bin/../lib/gcc/arm-none-eabi/10.3.1/thumb/v7-m/nofp\libgcc.a
LOAD f:/stm32_ide/stm32cubeide_1.10.1/stm32cubeide/plugins/com.st.stm32cube.ide.mcu.externaltools.gnu-tools-for-stm32.10.3-2021.10.win32_1.0.0.202111181127/tools/bin/../lib/gcc/arm-none-eabi/10.3.1/../../../../arm-none-eabi/lib/thumb/v7-m/nofp\libc_nano.a
LOAD f:/stm32_ide/stm32cubeide_1.10.1/stm32cubeide/plugins/com.st.stm32cube.ide.mcu.externaltools.gnu-tools-for-stm32.10.3-2021.10.win32_1.0.0.202111181127/tools/bin/../lib/gcc/arm-none-eabi/10.3.1/../../../../arm-none-eabi/lib/thumb/v7-m/nofp\libnosys.a
END GROUP
LOAD f:/stm32_ide/stm32cubeide_1.10.1/stm32cubeide/plugins/com.st.stm32cube.ide.mcu.externaltools.gnu-tools-for-stm32.10.3-2021.10.win32_1.0.0.202111181127/tools/bin/../lib/gcc/arm-none-eabi/10.3.1/thumb/v7-m/nofp/crtend.o
LOAD f:/stm32_ide/stm32cubeide_1.10.1/stm32cubeide/plugins/com.st.stm32cube.ide.mcu.externaltools.gnu-tools-for-stm32.10.3-2021.10.win32_1.0.0.202111181127/tools/bin/../lib/gcc/arm-none-eabi/10.3.1/thumb/v7-m/nofp/crtn.o
                0x0000000020002800                _estack = (ORIGIN (RAM) + LENGTH (RAM))
                0x0000000000000200                _Min_Heap_Size = 0x200
                0x0000000000000400                _Min_Stack_Size = 0x400

.isr_vector     0x0000000008000000      0x10c
                0x0000000008000000                . = ALIGN (0x4)
 *(.isr_vector)
 .isr_vector    0x0000000008000000      0x10c ./Core/Startup/startup_stm32f103c6ux.o
                0x0000000008000000                g_pfnVectors
                0x000000000800010c                . = ALIGN (0x4)

.text           0x000000000800010c     0x1fe4
                0x000000000800010c                . = ALIGN (0x4)
 *(.text)
 .text          0x000000000800010c       0x40 f:/stm32_ide/stm32cubeide_1.10.1/stm32cubeide/plugins/com.st.stm32cube.ide.mcu.externaltools.gnu-tools-for-stm32.10.3-2021.10.win32_1.0.0.202111181127/tools/bin/../lib/gcc/arm-none-eabi/10.3.1/thumb/v7-m/nofp/crtbegin.o
 *(.text*)
 .text.button_reading
                0x000000000800014c       0xc8 ./Core/Src/button_reading.o
                0x000000000800014c                button_reading
 .text.is_button_pressed
                0x0000000008000214       0x48 ./Core/Src/button_reading.o
                0x0000000008000214                is_button_pressed
 .text.is_button_pressed_3s
                0x000000000800025c       0x34 ./Core/Src/button_reading.o
                0x000000000800025c                is_button_pressed_3s
 .text.Mode0Manual
                0x0000000008000290       0x88 ./Core/Src/fsm_midterm.o
                0x0000000008000290                Mode0Manual
 .text.fsm_simple_buttons_run
                0x0000000008000318       0xf0 ./Core/Src/fsm_midterm.o
                0x0000000008000318                fsm_simple_buttons_run
 .text.InitVar  0x0000000008000408       0x30 ./Core/Src/globalVar.o
                0x0000000008000408                InitVar
 .text.DisplayNum
                0x0000000008000438      0x120 ./Core/Src/led_7seg.o
                0x0000000008000438                DisplayNum
 .text.main     0x0000000008000558       0xe4 ./Core/Src/main.o
                0x0000000008000558                main
 .text.SystemClock_Config
                0x000000000800063c       0x76 ./Core/Src/main.o
                0x000000000800063c                SystemClock_Config
 *fill*         0x00000000080006b2        0x2 
 .text.MX_TIM2_Init
                0x00000000080006b4       0x98 ./Core/Src/main.o
 .text.MX_GPIO_Init
                0x000000000800074c       0xc4 ./Core/Src/main.o
 .text.Error_Handler
                0x0000000008000810        0xa ./Core/Src/main.o
                0x0000000008000810                Error_Handler
 *fill*         0x000000000800081a        0x2 
 .text.SetTimer_0
                0x000000000800081c       0x38 ./Core/Src/software_timer.o
                0x000000000800081c                SetTimer_0
 .text.SetTimer_1
                0x0000000008000854       0x38 ./Core/Src/software_timer.o
                0x0000000008000854                SetTimer_1
 .text.RunSoftwareTimer
                0x000000000800088c       0x60 ./Core/Src/software_timer.o
                0x000000000800088c                RunSoftwareTimer
 .text.FlagTimer_0
                0x00000000080008ec       0x14 ./Core/Src/software_timer.o
                0x00000000080008ec                FlagTimer_0
 .text.FlagTimer_1
                0x0000000008000900       0x14 ./Core/Src/software_timer.o
                0x0000000008000900                FlagTimer_1
 .text.HAL_TIM_PeriodElapsedCallback
                0x0000000008000914       0x22 ./Core/Src/software_timer.o
                0x0000000008000914                HAL_TIM_PeriodElapsedCallback
 *fill*         0x0000000008000936        0x2 
 .text.HAL_MspInit
                0x0000000008000938       0x44 ./Core/Src/stm32f1xx_hal_msp.o
                0x0000000008000938                HAL_MspInit
 .text.HAL_TIM_Base_MspInit
                0x000000000800097c       0x48 ./Core/Src/stm32f1xx_hal_msp.o
                0x000000000800097c                HAL_TIM_Base_MspInit
 .text.NMI_Handler
                0x00000000080009c4        0x6 ./Core/Src/stm32f1xx_it.o
                0x00000000080009c4                NMI_Handler
 .text.HardFault_Handler
                0x00000000080009ca        0x6 ./Core/Src/stm32f1xx_it.o
                0x00000000080009ca                HardFault_Handler
 .text.MemManage_Handler
                0x00000000080009d0        0x6 ./Core/Src/stm32f1xx_it.o
                0x00000000080009d0                MemManage_Handler
 .text.BusFault_Handler
                0x00000000080009d6        0x6 ./Core/Src/stm32f1xx_it.o
                0x00000000080009d6                BusFault_Handler
 .text.UsageFault_Handler
                0x00000000080009dc        0x6 ./Core/Src/stm32f1xx_it.o
                0x00000000080009dc                UsageFault_Handler
 .text.SVC_Handler
                0x00000000080009e2        0xc ./Core/Src/stm32f1xx_it.o
                0x00000000080009e2                SVC_Handler
 .text.DebugMon_Handler
                0x00000000080009ee        0xc ./Core/Src/stm32f1xx_it.o
                0x00000000080009ee                DebugMon_Handler
 .text.PendSV_Handler
                0x00000000080009fa        0xc ./Core/Src/stm32f1xx_it.o
                0x00000000080009fa                PendSV_Handler
 .text.SysTick_Handler
                0x0000000008000a06        0xc ./Core/Src/stm32f1xx_it.o
                0x0000000008000a06                SysTick_Handler
 *fill*         0x0000000008000a12        0x2 
 .text.TIM2_IRQHandler
                0x0000000008000a14       0x14 ./Core/Src/stm32f1xx_it.o
                0x0000000008000a14                TIM2_IRQHandler
 .text.SystemInit
                0x0000000008000a28        0xc ./Core/Src/system_stm32f1xx.o
                0x0000000008000a28                SystemInit
 .text.Reset_Handler
                0x0000000008000a34       0x48 ./Core/Startup/startup_stm32f103c6ux.o
                0x0000000008000a34                Reset_Handler
 .text.Default_Handler
                0x0000000008000a7c        0x2 ./Core/Startup/startup_stm32f103c6ux.o
                0x0000000008000a7c                RTC_Alarm_IRQHandler
                0x0000000008000a7c                EXTI2_IRQHandler
                0x0000000008000a7c                TIM1_CC_IRQHandler
                0x0000000008000a7c                PVD_IRQHandler
                0x0000000008000a7c                EXTI3_IRQHandler
                0x0000000008000a7c                EXTI0_IRQHandler
                0x0000000008000a7c                ADC1_2_IRQHandler
                0x0000000008000a7c                SPI1_IRQHandler
                0x0000000008000a7c                TAMPER_IRQHandler
                0x0000000008000a7c                DMA1_Channel4_IRQHandler
                0x0000000008000a7c                RTC_IRQHandler
                0x0000000008000a7c                DMA1_Channel7_IRQHandler
                0x0000000008000a7c                CAN1_RX1_IRQHandler
                0x0000000008000a7c                I2C1_EV_IRQHandler
                0x0000000008000a7c                DMA1_Channel6_IRQHandler
                0x0000000008000a7c                TIM3_IRQHandler
                0x0000000008000a7c                RCC_IRQHandler
                0x0000000008000a7c                TIM1_TRG_COM_IRQHandler
                0x0000000008000a7c                DMA1_Channel1_IRQHandler
                0x0000000008000a7c                Default_Handler
                0x0000000008000a7c                EXTI15_10_IRQHandler
                0x0000000008000a7c                EXTI9_5_IRQHandler
                0x0000000008000a7c                DMA1_Channel5_IRQHandler
                0x0000000008000a7c                EXTI4_IRQHandler
                0x0000000008000a7c                USB_LP_CAN1_RX0_IRQHandler
                0x0000000008000a7c                USB_HP_CAN1_TX_IRQHandler
                0x0000000008000a7c                DMA1_Channel3_IRQHandler
                0x0000000008000a7c                TIM1_UP_IRQHandler
                0x0000000008000a7c                WWDG_IRQHandler
                0x0000000008000a7c                TIM1_BRK_IRQHandler
                0x0000000008000a7c                EXTI1_IRQHandler
                0x0000000008000a7c                USART2_IRQHandler
                0x0000000008000a7c                DMA1_Channel2_IRQHandler
                0x0000000008000a7c                CAN1_SCE_IRQHandler
                0x0000000008000a7c                FLASH_IRQHandler
                0x0000000008000a7c                USART1_IRQHandler
                0x0000000008000a7c                I2C1_ER_IRQHandler
                0x0000000008000a7c                USBWakeUp_IRQHandler
 *fill*         0x0000000008000a7e        0x2 
 .text.HAL_Init
                0x0000000008000a80       0x2c ./Drivers/STM32F1xx_HAL_Driver/Src/stm32f1xx_hal.o
                0x0000000008000a80                HAL_Init
 .text.HAL_InitTick
                0x0000000008000aac       0x60 ./Drivers/STM32F1xx_HAL_Driver/Src/stm32f1xx_hal.o
                0x0000000008000aac                HAL_InitTick
 .text.HAL_IncTick
                0x0000000008000b0c       0x24 ./Drivers/STM32F1xx_HAL_Driver/Src/stm32f1xx_hal.o
                0x0000000008000b0c                HAL_IncTick
 .text.HAL_GetTick
                0x0000000008000b30       0x14 ./Drivers/STM32F1xx_HAL_Driver/Src/stm32f1xx_hal.o
                0x0000000008000b30                HAL_GetTick
 .text.__NVIC_SetPriorityGrouping
                0x0000000008000b44       0x48 ./Drivers/STM32F1xx_HAL_Driver/Src/stm32f1xx_hal_cortex.o
 .text.__NVIC_GetPriorityGrouping
                0x0000000008000b8c       0x1c ./Drivers/STM32F1xx_HAL_Driver/Src/stm32f1xx_hal_cortex.o
 .text.__NVIC_EnableIRQ
                0x0000000008000ba8       0x38 ./Drivers/STM32F1xx_HAL_Driver/Src/stm32f1xx_hal_cortex.o
 .text.__NVIC_SetPriority
                0x0000000008000be0       0x54 ./Drivers/STM32F1xx_HAL_Driver/Src/stm32f1xx_hal_cortex.o
 .text.NVIC_EncodePriority
                0x0000000008000c34       0x64 ./Drivers/STM32F1xx_HAL_Driver/Src/stm32f1xx_hal_cortex.o
 .text.SysTick_Config
                0x0000000008000c98       0x44 ./Drivers/STM32F1xx_HAL_Driver/Src/stm32f1xx_hal_cortex.o
 .text.HAL_NVIC_SetPriorityGrouping
                0x0000000008000cdc       0x16 ./Drivers/STM32F1xx_HAL_Driver/Src/stm32f1xx_hal_cortex.o
                0x0000000008000cdc                HAL_NVIC_SetPriorityGrouping
 .text.HAL_NVIC_SetPriority
                0x0000000008000cf2       0x38 ./Drivers/STM32F1xx_HAL_Driver/Src/stm32f1xx_hal_cortex.o
                0x0000000008000cf2                HAL_NVIC_SetPriority
 .text.HAL_NVIC_EnableIRQ
                0x0000000008000d2a       0x1c ./Drivers/STM32F1xx_HAL_Driver/Src/stm32f1xx_hal_cortex.o
                0x0000000008000d2a                HAL_NVIC_EnableIRQ
 .text.HAL_SYSTICK_Config
                0x0000000008000d46       0x18 ./Drivers/STM32F1xx_HAL_Driver/Src/stm32f1xx_hal_cortex.o
                0x0000000008000d46                HAL_SYSTICK_Config
 *fill*         0x0000000008000d5e        0x2 
 .text.HAL_GPIO_Init
                0x0000000008000d60      0x2f8 ./Drivers/STM32F1xx_HAL_Driver/Src/stm32f1xx_hal_gpio.o
                0x0000000008000d60                HAL_GPIO_Init
 .text.HAL_GPIO_ReadPin
                0x0000000008001058       0x2e ./Drivers/STM32F1xx_HAL_Driver/Src/stm32f1xx_hal_gpio.o
                0x0000000008001058                HAL_GPIO_ReadPin
 .text.HAL_GPIO_WritePin
                0x0000000008001086       0x30 ./Drivers/STM32F1xx_HAL_Driver/Src/stm32f1xx_hal_gpio.o
                0x0000000008001086                HAL_GPIO_WritePin
 .text.HAL_GPIO_TogglePin
                0x00000000080010b6       0x32 ./Drivers/STM32F1xx_HAL_Driver/Src/stm32f1xx_hal_gpio.o
                0x00000000080010b6                HAL_GPIO_TogglePin
 .text.HAL_RCC_OscConfig
                0x00000000080010e8      0x504 ./Drivers/STM32F1xx_HAL_Driver/Src/stm32f1xx_hal_rcc.o
                0x00000000080010e8                HAL_RCC_OscConfig
 .text.HAL_RCC_ClockConfig
                0x00000000080015ec      0x1d4 ./Drivers/STM32F1xx_HAL_Driver/Src/stm32f1xx_hal_rcc.o
                0x00000000080015ec                HAL_RCC_ClockConfig
 .text.HAL_RCC_GetSysClockFreq
                0x00000000080017c0       0xbc ./Drivers/STM32F1xx_HAL_Driver/Src/stm32f1xx_hal_rcc.o
                0x00000000080017c0                HAL_RCC_GetSysClockFreq
 .text.RCC_Delay
                0x000000000800187c       0x3c ./Drivers/STM32F1xx_HAL_Driver/Src/stm32f1xx_hal_rcc.o
 .text.HAL_TIM_Base_Init
                0x00000000080018b8       0x9e ./Drivers/STM32F1xx_HAL_Driver/Src/stm32f1xx_hal_tim.o
                0x00000000080018b8                HAL_TIM_Base_Init
 *fill*         0x0000000008001956        0x2 
 .text.HAL_TIM_Base_Start_IT
                0x0000000008001958       0x98 ./Drivers/STM32F1xx_HAL_Driver/Src/stm32f1xx_hal_tim.o
                0x0000000008001958                HAL_TIM_Base_Start_IT
 .text.HAL_TIM_IRQHandler
                0x00000000080019f0      0x210 ./Drivers/STM32F1xx_HAL_Driver/Src/stm32f1xx_hal_tim.o
                0x00000000080019f0                HAL_TIM_IRQHandler
 .text.HAL_TIM_ConfigClockSource
                0x0000000008001c00      0x188 ./Drivers/STM32F1xx_HAL_Driver/Src/stm32f1xx_hal_tim.o
                0x0000000008001c00                HAL_TIM_ConfigClockSource
 .text.HAL_TIM_OC_DelayElapsedCallback
                0x0000000008001d88       0x12 ./Drivers/STM32F1xx_HAL_Driver/Src/stm32f1xx_hal_tim.o
                0x0000000008001d88                HAL_TIM_OC_DelayElapsedCallback
 .text.HAL_TIM_IC_CaptureCallback
                0x0000000008001d9a       0x12 ./Drivers/STM32F1xx_HAL_Driver/Src/stm32f1xx_hal_tim.o
                0x0000000008001d9a                HAL_TIM_IC_CaptureCallback
 .text.HAL_TIM_PWM_PulseFinishedCallback
                0x0000000008001dac       0x12 ./Drivers/STM32F1xx_HAL_Driver/Src/stm32f1xx_hal_tim.o
                0x0000000008001dac                HAL_TIM_PWM_PulseFinishedCallback
 .text.HAL_TIM_TriggerCallback
                0x0000000008001dbe       0x12 ./Drivers/STM32F1xx_HAL_Driver/Src/stm32f1xx_hal_tim.o
                0x0000000008001dbe                HAL_TIM_TriggerCallback
 .text.TIM_Base_SetConfig
                0x0000000008001dd0       0xb0 ./Drivers/STM32F1xx_HAL_Driver/Src/stm32f1xx_hal_tim.o
                0x0000000008001dd0                TIM_Base_SetConfig
 .text.TIM_TI1_ConfigInputStage
                0x0000000008001e80       0x5c ./Drivers/STM32F1xx_HAL_Driver/Src/stm32f1xx_hal_tim.o
 .text.TIM_TI2_ConfigInputStage
                0x0000000008001edc       0x5e ./Drivers/STM32F1xx_HAL_Driver/Src/stm32f1xx_hal_tim.o
 .text.TIM_ITRx_SetConfig
                0x0000000008001f3a       0x34 ./Drivers/STM32F1xx_HAL_Driver/Src/stm32f1xx_hal_tim.o
 .text.TIM_ETR_SetConfig
                0x0000000008001f6e       0x3e ./Drivers/STM32F1xx_HAL_Driver/Src/stm32f1xx_hal_tim.o
                0x0000000008001f6e                TIM_ETR_SetConfig
 .text.HAL_TIMEx_MasterConfigSynchronization
                0x0000000008001fac       0xb0 ./Drivers/STM32F1xx_HAL_Driver/Src/stm32f1xx_hal_tim_ex.o
                0x0000000008001fac                HAL_TIMEx_MasterConfigSynchronization
 .text.HAL_TIMEx_CommutCallback
                0x000000000800205c       0x12 ./Drivers/STM32F1xx_HAL_Driver/Src/stm32f1xx_hal_tim_ex.o
                0x000000000800205c                HAL_TIMEx_CommutCallback
 .text.HAL_TIMEx_BreakCallback
                0x000000000800206e       0x12 ./Drivers/STM32F1xx_HAL_Driver/Src/stm32f1xx_hal_tim_ex.o
                0x000000000800206e                HAL_TIMEx_BreakCallback
 .text.__libc_init_array
                0x0000000008002080       0x48 f:/stm32_ide/stm32cubeide_1.10.1/stm32cubeide/plugins/com.st.stm32cube.ide.mcu.externaltools.gnu-tools-for-stm32.10.3-2021.10.win32_1.0.0.202111181127/tools/bin/../lib/gcc/arm-none-eabi/10.3.1/../../../../arm-none-eabi/lib/thumb/v7-m/nofp\libc_nano.a(lib_a-init.o)
                0x0000000008002080                __libc_init_array
 .text.memset   0x00000000080020c8       0x10 f:/stm32_ide/stm32cubeide_1.10.1/stm32cubeide/plugins/com.st.stm32cube.ide.mcu.externaltools.gnu-tools-for-stm32.10.3-2021.10.win32_1.0.0.202111181127/tools/bin/../lib/gcc/arm-none-eabi/10.3.1/../../../../arm-none-eabi/lib/thumb/v7-m/nofp\libc_nano.a(lib_a-memset.o)
                0x00000000080020c8                memset
 *(.glue_7)
 .glue_7        0x00000000080020d8        0x0 linker stubs
 *(.glue_7t)
 .glue_7t       0x00000000080020d8        0x0 linker stubs
 *(.eh_frame)
 .eh_frame      0x00000000080020d8        0x0 f:/stm32_ide/stm32cubeide_1.10.1/stm32cubeide/plugins/com.st.stm32cube.ide.mcu.externaltools.gnu-tools-for-stm32.10.3-2021.10.win32_1.0.0.202111181127/tools/bin/../lib/gcc/arm-none-eabi/10.3.1/thumb/v7-m/nofp/crtbegin.o
 *(.init)
 .init          0x00000000080020d8        0x4 f:/stm32_ide/stm32cubeide_1.10.1/stm32cubeide/plugins/com.st.stm32cube.ide.mcu.externaltools.gnu-tools-for-stm32.10.3-2021.10.win32_1.0.0.202111181127/tools/bin/../lib/gcc/arm-none-eabi/10.3.1/thumb/v7-m/nofp/crti.o
                0x00000000080020d8                _init
 .init          0x00000000080020dc        0x8 f:/stm32_ide/stm32cubeide_1.10.1/stm32cubeide/plugins/com.st.stm32cube.ide.mcu.externaltools.gnu-tools-for-stm32.10.3-2021.10.win32_1.0.0.202111181127/tools/bin/../lib/gcc/arm-none-eabi/10.3.1/thumb/v7-m/nofp/crtn.o
 *(.fini)
 .fini          0x00000000080020e4        0x4 f:/stm32_ide/stm32cubeide_1.10.1/stm32cubeide/plugins/com.st.stm32cube.ide.mcu.externaltools.gnu-tools-for-stm32.10.3-2021.10.win32_1.0.0.202111181127/tools/bin/../lib/gcc/arm-none-eabi/10.3.1/thumb/v7-m/nofp/crti.o
                0x00000000080020e4                _fini
 .fini          0x00000000080020e8        0x8 f:/stm32_ide/stm32cubeide_1.10.1/stm32cubeide/plugins/com.st.stm32cube.ide.mcu.externaltools.gnu-tools-for-stm32.10.3-2021.10.win32_1.0.0.202111181127/tools/bin/../lib/gcc/arm-none-eabi/10.3.1/thumb/v7-m/nofp/crtn.o
                0x00000000080020f0                . = ALIGN (0x4)
                0x00000000080020f0                _etext = .

.vfp11_veneer   0x00000000080020f0        0x0
 .vfp11_veneer  0x00000000080020f0        0x0 linker stubs

.v4_bx          0x00000000080020f0        0x0
 .v4_bx         0x00000000080020f0        0x0 linker stubs

.iplt           0x00000000080020f0        0x0
 .iplt          0x00000000080020f0        0x0 f:/stm32_ide/stm32cubeide_1.10.1/stm32cubeide/plugins/com.st.stm32cube.ide.mcu.externaltools.gnu-tools-for-stm32.10.3-2021.10.win32_1.0.0.202111181127/tools/bin/../lib/gcc/arm-none-eabi/10.3.1/thumb/v7-m/nofp/crtbegin.o

.rodata         0x00000000080020f0       0x20
                0x00000000080020f0                . = ALIGN (0x4)
 *(.rodata)
 .rodata        0x00000000080020f0       0x10 ./Drivers/STM32F1xx_HAL_Driver/Src/stm32f1xx_hal_rcc.o
 *(.rodata*)
 .rodata.AHBPrescTable
                0x0000000008002100       0x10 ./Core/Src/system_stm32f1xx.o
                0x0000000008002100                AHBPrescTable
                0x0000000008002110                . = ALIGN (0x4)

.rel.dyn        0x0000000008002110        0x0
 .rel.iplt      0x0000000008002110        0x0 f:/stm32_ide/stm32cubeide_1.10.1/stm32cubeide/plugins/com.st.stm32cube.ide.mcu.externaltools.gnu-tools-for-stm32.10.3-2021.10.win32_1.0.0.202111181127/tools/bin/../lib/gcc/arm-none-eabi/10.3.1/thumb/v7-m/nofp/crtbegin.o

.ARM.extab      0x0000000008002110        0x0
                0x0000000008002110                . = ALIGN (0x4)
 *(.ARM.extab* .gnu.linkonce.armextab.*)
                0x0000000008002110                . = ALIGN (0x4)

.ARM            0x0000000008002110        0x0
                0x0000000008002110                . = ALIGN (0x4)
                0x0000000008002110                __exidx_start = .
 *(.ARM.exidx*)
                0x0000000008002110                __exidx_end = .
                0x0000000008002110                . = ALIGN (0x4)

.preinit_array  0x0000000008002110        0x0
                0x0000000008002110                . = ALIGN (0x4)
                0x0000000008002110                PROVIDE (__preinit_array_start = .)
 *(.preinit_array*)
                0x0000000008002110                PROVIDE (__preinit_array_end = .)
                0x0000000008002110                . = ALIGN (0x4)

.init_array     0x0000000008002110        0x4
                0x0000000008002110                . = ALIGN (0x4)
                0x0000000008002110                PROVIDE (__init_array_start = .)
 *(SORT_BY_NAME(.init_array.*))
 *(.init_array*)
 .init_array    0x0000000008002110        0x4 f:/stm32_ide/stm32cubeide_1.10.1/stm32cubeide/plugins/com.st.stm32cube.ide.mcu.externaltools.gnu-tools-for-stm32.10.3-2021.10.win32_1.0.0.202111181127/tools/bin/../lib/gcc/arm-none-eabi/10.3.1/thumb/v7-m/nofp/crtbegin.o
                0x0000000008002114                PROVIDE (__init_array_end = .)
                0x0000000008002114                . = ALIGN (0x4)

.fini_array     0x0000000008002114        0x4
                0x0000000008002114                . = ALIGN (0x4)
                [!provide]                        PROVIDE (__fini_array_start = .)
 *(SORT_BY_NAME(.fini_array.*))
 *(.fini_array*)
 .fini_array    0x0000000008002114        0x4 f:/stm32_ide/stm32cubeide_1.10.1/stm32cubeide/plugins/com.st.stm32cube.ide.mcu.externaltools.gnu-tools-for-stm32.10.3-2021.10.win32_1.0.0.202111181127/tools/bin/../lib/gcc/arm-none-eabi/10.3.1/thumb/v7-m/nofp/crtbegin.o
                [!provide]                        PROVIDE (__fini_array_end = .)
                0x0000000008002118                . = ALIGN (0x4)
                0x0000000008002118                _sidata = LOADADDR (.data)

.data           0x0000000020000000       0x1c load address 0x0000000008002118
                0x0000000020000000                . = ALIGN (0x4)
                0x0000000020000000                _sdata = .
 *(.data)
 *(.data*)
 .data.buttonPin
                0x0000000020000000        0x6 ./Core/Src/button_reading.o
                0x0000000020000000                buttonPin
 *fill*         0x0000000020000006        0x2 
 .data.buttonBuffer
                0x0000000020000008        0x3 ./Core/Src/button_reading.o
 *fill*         0x000000002000000b        0x1 
 .data.counterTimeout
                0x000000002000000c        0x2 ./Core/Src/fsm_midterm.o
                0x000000002000000c                counterTimeout
 .data.TIME_CYCLE
                0x000000002000000e        0x2 ./Core/Src/software_timer.o
 .data.SystemCoreClock
                0x0000000020000010        0x4 ./Core/Src/system_stm32f1xx.o
                0x0000000020000010                SystemCoreClock
 .data.uwTickPrio
                0x0000000020000014        0x4 ./Drivers/STM32F1xx_HAL_Driver/Src/stm32f1xx_hal.o
                0x0000000020000014                uwTickPrio
 .data.uwTickFreq
                0x0000000020000018        0x1 ./Drivers/STM32F1xx_HAL_Driver/Src/stm32f1xx_hal.o
                0x0000000020000018                uwTickFreq
 *(.RamFunc)
 *(.RamFunc*)
                0x000000002000001c                . = ALIGN (0x4)
 *fill*         0x0000000020000019        0x3 
                0x000000002000001c                _edata = .

.igot.plt       0x000000002000001c        0x0 load address 0x0000000008002134
 .igot.plt      0x000000002000001c        0x0 f:/stm32_ide/stm32cubeide_1.10.1/stm32cubeide/plugins/com.st.stm32cube.ide.mcu.externaltools.gnu-tools-for-stm32.10.3-2021.10.win32_1.0.0.202111181127/tools/bin/../lib/gcc/arm-none-eabi/10.3.1/thumb/v7-m/nofp/crtbegin.o
                0x000000002000001c                . = ALIGN (0x4)

.bss            0x000000002000001c       0x84 load address 0x0000000008002134
                0x000000002000001c                _sbss = .
                0x000000002000001c                __bss_start__ = _sbss
 *(.bss)
 .bss           0x000000002000001c       0x1c f:/stm32_ide/stm32cubeide_1.10.1/stm32cubeide/plugins/com.st.stm32cube.ide.mcu.externaltools.gnu-tools-for-stm32.10.3-2021.10.win32_1.0.0.202111181127/tools/bin/../lib/gcc/arm-none-eabi/10.3.1/thumb/v7-m/nofp/crtbegin.o
 *(.bss*)
 .bss.debounceButtonBuffer1
                0x0000000020000038        0x3 ./Core/Src/button_reading.o
 *fill*         0x000000002000003b        0x1 
 .bss.debounceButtonBuffer2
                0x000000002000003c        0x3 ./Core/Src/button_reading.o
 *fill*         0x000000002000003f        0x1 
 .bss.flagForButtonPress3s
                0x0000000020000040        0x3 ./Core/Src/button_reading.o
 *fill*         0x0000000020000043        0x1 
 .bss.counterForButtonPress3s
                0x0000000020000044        0x6 ./Core/Src/button_reading.o
 .bss.mode      0x000000002000004a        0x1 ./Core/Src/fsm_midterm.o
                0x000000002000004a                mode
 .bss.saveBuffer
                0x000000002000004b        0x1 ./Core/Src/globalVar.o
                0x000000002000004b                saveBuffer
 .bss.number    0x000000002000004c        0x1 ./Core/Src/globalVar.o
                0x000000002000004c                number
 .bss.flagIncreaseNumberMode1
                0x000000002000004d        0x1 ./Core/Src/globalVar.o
                0x000000002000004d                flagIncreaseNumberMode1
 .bss.flagDecreaseNumberMode1
                0x000000002000004e        0x1 ./Core/Src/globalVar.o
                0x000000002000004e                flagDecreaseNumberMode1
 .bss.flagDecreaseNumberMode2
                0x000000002000004f        0x1 ./Core/Src/globalVar.o
                0x000000002000004f                flagDecreaseNumberMode2
 .bss.htim2     0x0000000020000050       0x48 ./Core/Src/main.o
                0x0000000020000050                htim2
 .bss.flag_timer_0
                0x0000000020000098        0x1 ./Core/Src/software_timer.o
 .bss.counter_timer_0
                0x0000000020000099        0x1 ./Core/Src/software_timer.o
 .bss.flag_timer_1
                0x000000002000009a        0x1 ./Core/Src/software_timer.o
 .bss.counter_timer_1
                0x000000002000009b        0x1 ./Core/Src/software_timer.o
 .bss.uwTick    0x000000002000009c        0x4 ./Drivers/STM32F1xx_HAL_Driver/Src/stm32f1xx_hal.o
                0x000000002000009c                uwTick
 *(COMMON)
                0x00000000200000a0                . = ALIGN (0x4)
                0x00000000200000a0                _ebss = .
                0x00000000200000a0                __bss_end__ = _ebss

._user_heap_stack
                0x00000000200000a0      0x600 load address 0x0000000008002134
                0x00000000200000a0                . = ALIGN (0x8)
                [!provide]                        PROVIDE (end = .)
                0x00000000200000a0                PROVIDE (_end = .)
                0x00000000200002a0                . = (. + _Min_Heap_Size)
 *fill*         0x00000000200000a0      0x200 
                0x00000000200006a0                . = (. + _Min_Stack_Size)
 *fill*         0x00000000200002a0      0x400 
                0x00000000200006a0                . = ALIGN (0x8)

/DISCARD/
 libc.a(*)
 libm.a(*)
 libgcc.a(*)

.ARM.attributes
                0x0000000000000000       0x29
 *(.ARM.attributes)
 .ARM.attributes
                0x0000000000000000       0x1d f:/stm32_ide/stm32cubeide_1.10.1/stm32cubeide/plugins/com.st.stm32cube.ide.mcu.externaltools.gnu-tools-for-stm32.10.3-2021.10.win32_1.0.0.202111181127/tools/bin/../lib/gcc/arm-none-eabi/10.3.1/thumb/v7-m/nofp/crti.o
 .ARM.attributes
                0x000000000000001d       0x2d f:/stm32_ide/stm32cubeide_1.10.1/stm32cubeide/plugins/com.st.stm32cube.ide.mcu.externaltools.gnu-tools-for-stm32.10.3-2021.10.win32_1.0.0.202111181127/tools/bin/../lib/gcc/arm-none-eabi/10.3.1/thumb/v7-m/nofp/crtbegin.o
 .ARM.attributes
                0x000000000000004a       0x2d ./Core/Src/button_reading.o
 .ARM.attributes
                0x0000000000000077       0x2d ./Core/Src/fsm_midterm.o
 .ARM.attributes
                0x00000000000000a4       0x2d ./Core/Src/globalVar.o
 .ARM.attributes
                0x00000000000000d1       0x2d ./Core/Src/led_7seg.o
 .ARM.attributes
                0x00000000000000fe       0x2d ./Core/Src/main.o
 .ARM.attributes
                0x000000000000012b       0x2d ./Core/Src/software_timer.o
 .ARM.attributes
                0x0000000000000158       0x2d ./Core/Src/stm32f1xx_hal_msp.o
 .ARM.attributes
                0x0000000000000185       0x2d ./Core/Src/stm32f1xx_it.o
 .ARM.attributes
                0x00000000000001b2       0x2d ./Core/Src/system_stm32f1xx.o
 .ARM.attributes
                0x00000000000001df       0x21 ./Core/Startup/startup_stm32f103c6ux.o
 .ARM.attributes
                0x0000000000000200       0x2d ./Drivers/STM32F1xx_HAL_Driver/Src/stm32f1xx_hal.o
 .ARM.attributes
                0x000000000000022d       0x2d ./Drivers/STM32F1xx_HAL_Driver/Src/stm32f1xx_hal_cortex.o
 .ARM.attributes
                0x000000000000025a       0x2d ./Drivers/STM32F1xx_HAL_Driver/Src/stm32f1xx_hal_gpio.o
 .ARM.attributes
                0x0000000000000287       0x2d ./Drivers/STM32F1xx_HAL_Driver/Src/stm32f1xx_hal_rcc.o
 .ARM.attributes
                0x00000000000002b4       0x2d ./Drivers/STM32F1xx_HAL_Driver/Src/stm32f1xx_hal_tim.o
 .ARM.attributes
                0x00000000000002e1       0x2d ./Drivers/STM32F1xx_HAL_Driver/Src/stm32f1xx_hal_tim_ex.o
 .ARM.attributes
                0x000000000000030e       0x2d f:/stm32_ide/stm32cubeide_1.10.1/stm32cubeide/plugins/com.st.stm32cube.ide.mcu.externaltools.gnu-tools-for-stm32.10.3-2021.10.win32_1.0.0.202111181127/tools/bin/../lib/gcc/arm-none-eabi/10.3.1/../../../../arm-none-eabi/lib/thumb/v7-m/nofp\libc_nano.a(lib_a-init.o)
 .ARM.attributes
                0x000000000000033b       0x2d f:/stm32_ide/stm32cubeide_1.10.1/stm32cubeide/plugins/com.st.stm32cube.ide.mcu.externaltools.gnu-tools-for-stm32.10.3-2021.10.win32_1.0.0.202111181127/tools/bin/../lib/gcc/arm-none-eabi/10.3.1/../../../../arm-none-eabi/lib/thumb/v7-m/nofp\libc_nano.a(lib_a-memset.o)
 .ARM.attributes
                0x0000000000000368       0x1d f:/stm32_ide/stm32cubeide_1.10.1/stm32cubeide/plugins/com.st.stm32cube.ide.mcu.externaltools.gnu-tools-for-stm32.10.3-2021.10.win32_1.0.0.202111181127/tools/bin/../lib/gcc/arm-none-eabi/10.3.1/thumb/v7-m/nofp/crtn.o
OUTPUT(MidTerm.elf elf32-littlearm)
LOAD linker stubs
LOAD f:/stm32_ide/stm32cubeide_1.10.1/stm32cubeide/plugins/com.st.stm32cube.ide.mcu.externaltools.gnu-tools-for-stm32.10.3-2021.10.win32_1.0.0.202111181127/tools/bin/../lib/gcc/arm-none-eabi/10.3.1/../../../../arm-none-eabi/lib/thumb/v7-m/nofp\libc.a
LOAD f:/stm32_ide/stm32cubeide_1.10.1/stm32cubeide/plugins/com.st.stm32cube.ide.mcu.externaltools.gnu-tools-for-stm32.10.3-2021.10.win32_1.0.0.202111181127/tools/bin/../lib/gcc/arm-none-eabi/10.3.1/../../../../arm-none-eabi/lib/thumb/v7-m/nofp\libm.a
LOAD f:/stm32_ide/stm32cubeide_1.10.1/stm32cubeide/plugins/com.st.stm32cube.ide.mcu.externaltools.gnu-tools-for-stm32.10.3-2021.10.win32_1.0.0.202111181127/tools/bin/../lib/gcc/arm-none-eabi/10.3.1/thumb/v7-m/nofp\libgcc.a

.debug_info     0x0000000000000000     0x8c70
 .debug_info    0x0000000000000000      0x2a0 ./Core/Src/button_reading.o
 .debug_info    0x00000000000002a0      0x17c ./Core/Src/fsm_midterm.o
 .debug_info    0x000000000000041c      0x151 ./Core/Src/globalVar.o
 .debug_info    0x000000000000056d      0x1c4 ./Core/Src/led_7seg.o
 .debug_info    0x0000000000000731      0xc55 ./Core/Src/main.o
 .debug_info    0x0000000000001386      0x74c ./Core/Src/software_timer.o
 .debug_info    0x0000000000001ad2      0x8d7 ./Core/Src/stm32f1xx_hal_msp.o
 .debug_info    0x00000000000023a9      0x6ea ./Core/Src/stm32f1xx_it.o
 .debug_info    0x0000000000002a93      0x23d ./Core/Src/system_stm32f1xx.o
 .debug_info    0x0000000000002cd0       0x22 ./Core/Startup/startup_stm32f103c6ux.o
 .debug_info    0x0000000000002cf2      0x716 ./Drivers/STM32F1xx_HAL_Driver/Src/stm32f1xx_hal.o
 .debug_info    0x0000000000003408      0xb02 ./Drivers/STM32F1xx_HAL_Driver/Src/stm32f1xx_hal_cortex.o
 .debug_info    0x0000000000003f0a      0x615 ./Drivers/STM32F1xx_HAL_Driver/Src/stm32f1xx_hal_gpio.o
 .debug_info    0x000000000000451f      0x860 ./Drivers/STM32F1xx_HAL_Driver/Src/stm32f1xx_hal_rcc.o
 .debug_info    0x0000000000004d7f     0x29de ./Drivers/STM32F1xx_HAL_Driver/Src/stm32f1xx_hal_tim.o
 .debug_info    0x000000000000775d     0x1513 ./Drivers/STM32F1xx_HAL_Driver/Src/stm32f1xx_hal_tim_ex.o

.debug_abbrev   0x0000000000000000     0x1a7e
 .debug_abbrev  0x0000000000000000      0x15f ./Core/Src/button_reading.o
 .debug_abbrev  0x000000000000015f       0xb6 ./Core/Src/fsm_midterm.o
 .debug_abbrev  0x0000000000000215       0x89 ./Core/Src/globalVar.o
 .debug_abbrev  0x000000000000029e       0xf8 ./Core/Src/led_7seg.o
 .debug_abbrev  0x0000000000000396      0x299 ./Core/Src/main.o
 .debug_abbrev  0x000000000000062f      0x1d2 ./Core/Src/software_timer.o
 .debug_abbrev  0x0000000000000801      0x19f ./Core/Src/stm32f1xx_hal_msp.o
 .debug_abbrev  0x00000000000009a0      0x184 ./Core/Src/stm32f1xx_it.o
 .debug_abbrev  0x0000000000000b24      0x13b ./Core/Src/system_stm32f1xx.o
 .debug_abbrev  0x0000000000000c5f       0x12 ./Core/Startup/startup_stm32f103c6ux.o
 .debug_abbrev  0x0000000000000c71      0x1fb ./Drivers/STM32F1xx_HAL_Driver/Src/stm32f1xx_hal.o
 .debug_abbrev  0x0000000000000e6c      0x2ed ./Drivers/STM32F1xx_HAL_Driver/Src/stm32f1xx_hal_cortex.o
 .debug_abbrev  0x0000000000001159      0x1bb ./Drivers/STM32F1xx_HAL_Driver/Src/stm32f1xx_hal_gpio.o
 .debug_abbrev  0x0000000000001314      0x2a8 ./Drivers/STM32F1xx_HAL_Driver/Src/stm32f1xx_hal_rcc.o
 .debug_abbrev  0x00000000000015bc      0x25d ./Drivers/STM32F1xx_HAL_Driver/Src/stm32f1xx_hal_tim.o
 .debug_abbrev  0x0000000000001819      0x265 ./Drivers/STM32F1xx_HAL_Driver/Src/stm32f1xx_hal_tim_ex.o

.debug_aranges  0x0000000000000000      0xa08
 .debug_aranges
                0x0000000000000000       0x30 ./Core/Src/button_reading.o
 .debug_aranges
                0x0000000000000030       0x28 ./Core/Src/fsm_midterm.o
 .debug_aranges
                0x0000000000000058       0x20 ./Core/Src/globalVar.o
 .debug_aranges
                0x0000000000000078       0x20 ./Core/Src/led_7seg.o
 .debug_aranges
                0x0000000000000098       0x40 ./Core/Src/main.o
 .debug_aranges
                0x00000000000000d8       0x48 ./Core/Src/software_timer.o
 .debug_aranges
                0x0000000000000120       0x30 ./Core/Src/stm32f1xx_hal_msp.o
 .debug_aranges
                0x0000000000000150       0x68 ./Core/Src/stm32f1xx_it.o
 .debug_aranges
                0x00000000000001b8       0x28 ./Core/Src/system_stm32f1xx.o
 .debug_aranges
                0x00000000000001e0       0x28 ./Core/Startup/startup_stm32f103c6ux.o
 .debug_aranges
                0x0000000000000208       0xe0 ./Drivers/STM32F1xx_HAL_Driver/Src/stm32f1xx_hal.o
 .debug_aranges
                0x00000000000002e8      0x100 ./Drivers/STM32F1xx_HAL_Driver/Src/stm32f1xx_hal_cortex.o
 .debug_aranges
                0x00000000000003e8       0x58 ./Drivers/STM32F1xx_HAL_Driver/Src/stm32f1xx_hal_gpio.o
 .debug_aranges
                0x0000000000000440       0x90 ./Drivers/STM32F1xx_HAL_Driver/Src/stm32f1xx_hal_rcc.o
 .debug_aranges
                0x00000000000004d0      0x3d0 ./Drivers/STM32F1xx_HAL_Driver/Src/stm32f1xx_hal_tim.o
 .debug_aranges
                0x00000000000008a0      0x168 ./Drivers/STM32F1xx_HAL_Driver/Src/stm32f1xx_hal_tim_ex.o

.debug_ranges   0x0000000000000000      0x910
 .debug_ranges  0x0000000000000000       0x20 ./Core/Src/button_reading.o
 .debug_ranges  0x0000000000000020       0x18 ./Core/Src/fsm_midterm.o
 .debug_ranges  0x0000000000000038       0x10 ./Core/Src/globalVar.o
 .debug_ranges  0x0000000000000048       0x10 ./Core/Src/led_7seg.o
 .debug_ranges  0x0000000000000058       0x30 ./Core/Src/main.o
 .debug_ranges  0x0000000000000088       0x38 ./Core/Src/software_timer.o
 .debug_ranges  0x00000000000000c0       0x20 ./Core/Src/stm32f1xx_hal_msp.o
 .debug_ranges  0x00000000000000e0       0x58 ./Core/Src/stm32f1xx_it.o
 .debug_ranges  0x0000000000000138       0x18 ./Core/Src/system_stm32f1xx.o
 .debug_ranges  0x0000000000000150       0x20 ./Core/Startup/startup_stm32f103c6ux.o
 .debug_ranges  0x0000000000000170       0xd0 ./Drivers/STM32F1xx_HAL_Driver/Src/stm32f1xx_hal.o
 .debug_ranges  0x0000000000000240       0xf0 ./Drivers/STM32F1xx_HAL_Driver/Src/stm32f1xx_hal_cortex.o
 .debug_ranges  0x0000000000000330       0x48 ./Drivers/STM32F1xx_HAL_Driver/Src/stm32f1xx_hal_gpio.o
 .debug_ranges  0x0000000000000378       0x80 ./Drivers/STM32F1xx_HAL_Driver/Src/stm32f1xx_hal_rcc.o
 .debug_ranges  0x00000000000003f8      0x3c0 ./Drivers/STM32F1xx_HAL_Driver/Src/stm32f1xx_hal_tim.o
 .debug_ranges  0x00000000000007b8      0x158 ./Drivers/STM32F1xx_HAL_Driver/Src/stm32f1xx_hal_tim_ex.o

.debug_macro    0x0000000000000000    0x16ba6
 .debug_macro   0x0000000000000000      0x1c2 ./Core/Src/button_reading.o
 .debug_macro   0x00000000000001c2      0xa6c ./Core/Src/button_reading.o
 .debug_macro   0x0000000000000c2e      0x215 ./Core/Src/button_reading.o
 .debug_macro   0x0000000000000e43       0x2e ./Core/Src/button_reading.o
 .debug_macro   0x0000000000000e71       0x22 ./Core/Src/button_reading.o
 .debug_macro   0x0000000000000e93       0x22 ./Core/Src/button_reading.o
 .debug_macro   0x0000000000000eb5       0x8e ./Core/Src/button_reading.o
 .debug_macro   0x0000000000000f43       0x51 ./Core/Src/button_reading.o
 .debug_macro   0x0000000000000f94      0x103 ./Core/Src/button_reading.o
 .debug_macro   0x0000000000001097       0x6a ./Core/Src/button_reading.o
 .debug_macro   0x0000000000001101      0x1df ./Core/Src/button_reading.o
 .debug_macro   0x00000000000012e0       0x1c ./Core/Src/button_reading.o
 .debug_macro   0x00000000000012fc       0x22 ./Core/Src/button_reading.o
 .debug_macro   0x000000000000131e       0xbd ./Core/Src/button_reading.o
 .debug_macro   0x00000000000013db      0xd23 ./Core/Src/button_reading.o
 .debug_macro   0x00000000000020fe     0xde75 ./Core/Src/button_reading.o
 .debug_macro   0x000000000000ff73       0x6d ./Core/Src/button_reading.o
 .debug_macro   0x000000000000ffe0     0x3468 ./Core/Src/button_reading.o
 .debug_macro   0x0000000000013448      0x174 ./Core/Src/button_reading.o
 .debug_macro   0x00000000000135bc       0x5c ./Core/Src/button_reading.o
 .debug_macro   0x0000000000013618      0x5be ./Core/Src/button_reading.o
 .debug_macro   0x0000000000013bd6      0x1b7 ./Core/Src/button_reading.o
 .debug_macro   0x0000000000013d8d      0x1cb ./Core/Src/button_reading.o
 .debug_macro   0x0000000000013f58      0x114 ./Core/Src/button_reading.o
 .debug_macro   0x000000000001406c      0x1b2 ./Core/Src/button_reading.o
 .debug_macro   0x000000000001421e       0x27 ./Core/Src/button_reading.o
 .debug_macro   0x0000000000014245      0x12f ./Core/Src/button_reading.o
 .debug_macro   0x0000000000014374      0x1bc ./Core/Src/button_reading.o
 .debug_macro   0x0000000000014530       0x34 ./Core/Src/button_reading.o
 .debug_macro   0x0000000000014564       0x3c ./Core/Src/button_reading.o
 .debug_macro   0x00000000000145a0       0x57 ./Core/Src/button_reading.o
 .debug_macro   0x00000000000145f7       0x88 ./Core/Src/button_reading.o
 .debug_macro   0x000000000001467f      0x183 ./Core/Src/button_reading.o
 .debug_macro   0x0000000000014802      0x141 ./Core/Src/button_reading.o
 .debug_macro   0x0000000000014943      0x8d1 ./Core/Src/button_reading.o
 .debug_macro   0x0000000000015214       0x69 ./Core/Src/button_reading.o
 .debug_macro   0x000000000001527d       0xa0 ./Core/Src/button_reading.o
 .debug_macro   0x000000000001531d       0x16 ./Core/Src/button_reading.o
 .debug_macro   0x0000000000015333      0x1cd ./Core/Src/fsm_midterm.o
 .debug_macro   0x0000000000015500       0x1c ./Core/Src/fsm_midterm.o
 .debug_macro   0x000000000001551c       0x28 ./Core/Src/fsm_midterm.o
 .debug_macro   0x0000000000015544      0x1b6 ./Core/Src/globalVar.o
 .debug_macro   0x00000000000156fa       0x22 ./Core/Src/globalVar.o
 .debug_macro   0x000000000001571c      0x1b0 ./Core/Src/led_7seg.o
 .debug_macro   0x00000000000158cc       0x10 ./Core/Src/led_7seg.o
 .debug_macro   0x00000000000158dc      0x1ee ./Core/Src/main.o
 .debug_macro   0x0000000000015aca      0x1ba ./Core/Src/software_timer.o
 .debug_macro   0x0000000000015c84      0x1a7 ./Core/Src/stm32f1xx_hal_msp.o
 .debug_macro   0x0000000000015e2b      0x1b1 ./Core/Src/stm32f1xx_it.o
 .debug_macro   0x0000000000015fdc      0x198 ./Core/Src/system_stm32f1xx.o
 .debug_macro   0x0000000000016174      0x1bc ./Drivers/STM32F1xx_HAL_Driver/Src/stm32f1xx_hal.o
 .debug_macro   0x0000000000016330      0x198 ./Drivers/STM32F1xx_HAL_Driver/Src/stm32f1xx_hal_cortex.o
 .debug_macro   0x00000000000164c8      0x203 ./Drivers/STM32F1xx_HAL_Driver/Src/stm32f1xx_hal_gpio.o
 .debug_macro   0x00000000000166cb      0x1aa ./Drivers/STM32F1xx_HAL_Driver/Src/stm32f1xx_hal_rcc.o
 .debug_macro   0x0000000000016875      0x199 ./Drivers/STM32F1xx_HAL_Driver/Src/stm32f1xx_hal_tim.o
 .debug_macro   0x0000000000016a0e      0x198 ./Drivers/STM32F1xx_HAL_Driver/Src/stm32f1xx_hal_tim_ex.o

.debug_line     0x0000000000000000     0xb6be
 .debug_line    0x0000000000000000      0x73c ./Core/Src/button_reading.o
 .debug_line    0x000000000000073c      0x7af ./Core/Src/fsm_midterm.o
 .debug_line    0x0000000000000eeb      0x683 ./Core/Src/globalVar.o
 .debug_line    0x000000000000156e      0x698 ./Core/Src/led_7seg.o
 .debug_line    0x0000000000001c06      0x863 ./Core/Src/main.o
 .debug_line    0x0000000000002469      0x73a ./Core/Src/software_timer.o
 .debug_line    0x0000000000002ba3      0x6b0 ./Core/Src/stm32f1xx_hal_msp.o
 .debug_line    0x0000000000003253      0x750 ./Core/Src/stm32f1xx_it.o
 .debug_line    0x00000000000039a3      0x6f4 ./Core/Src/system_stm32f1xx.o
 .debug_line    0x0000000000004097       0x87 ./Core/Startup/startup_stm32f103c6ux.o
 .debug_line    0x000000000000411e      0x921 ./Drivers/STM32F1xx_HAL_Driver/Src/stm32f1xx_hal.o
 .debug_line    0x0000000000004a3f      0xb09 ./Drivers/STM32F1xx_HAL_Driver/Src/stm32f1xx_hal_cortex.o
 .debug_line    0x0000000000005548      0x9a3 ./Drivers/STM32F1xx_HAL_Driver/Src/stm32f1xx_hal_gpio.o
 .debug_line    0x0000000000005eeb      0xd2f ./Drivers/STM32F1xx_HAL_Driver/Src/stm32f1xx_hal_rcc.o
 .debug_line    0x0000000000006c1a     0x328d ./Drivers/STM32F1xx_HAL_Driver/Src/stm32f1xx_hal_tim.o
 .debug_line    0x0000000000009ea7     0x1817 ./Drivers/STM32F1xx_HAL_Driver/Src/stm32f1xx_hal_tim_ex.o

.debug_str      0x0000000000000000    0x81f4c
 .debug_str     0x0000000000000000    0x7f2fc ./Core/Src/button_reading.o
                                      0x7f647 (size before relaxing)
 .debug_str     0x000000000007f2fc      0x14f ./Core/Src/fsm_midterm.o
                                      0x7f652 (size before relaxing)
 .debug_str     0x000000000007f44b       0x20 ./Core/Src/globalVar.o
                                      0x7f54a (size before relaxing)
 .debug_str     0x000000000007f46b       0x55 ./Core/Src/led_7seg.o
                                      0x7f52d (size before relaxing)
 .debug_str     0x000000000007f4c0      0x7cd ./Core/Src/main.o
                                      0x7fee7 (size before relaxing)
 .debug_str     0x000000000007fc8d       0x9f ./Core/Src/software_timer.o
                                      0x7fa92 (size before relaxing)
 .debug_str     0x000000000007fd2c      0x2d2 ./Core/Src/stm32f1xx_hal_msp.o
                                      0x7fca8 (size before relaxing)
 .debug_str     0x000000000007fffe       0xec ./Core/Src/stm32f1xx_it.o
                                      0x7fa11 (size before relaxing)
 .debug_str     0x00000000000800ea       0x7e ./Core/Src/system_stm32f1xx.o
                                      0x7f34f (size before relaxing)
 .debug_str     0x0000000000080168       0x36 ./Core/Startup/startup_stm32f103c6ux.o
                                         0x4d (size before relaxing)
 .debug_str     0x000000000008019e      0x38e ./Drivers/STM32F1xx_HAL_Driver/Src/stm32f1xx_hal.o
                                      0x7fa48 (size before relaxing)
 .debug_str     0x000000000008052c      0x29e ./Drivers/STM32F1xx_HAL_Driver/Src/stm32f1xx_hal_cortex.o
                                      0x7f994 (size before relaxing)
 .debug_str     0x00000000000807ca      0x2f6 ./Drivers/STM32F1xx_HAL_Driver/Src/stm32f1xx_hal_gpio.o
                                      0x7f6d5 (size before relaxing)
 .debug_str     0x0000000000080ac0      0x229 ./Drivers/STM32F1xx_HAL_Driver/Src/stm32f1xx_hal_rcc.o
                                      0x7f77e (size before relaxing)
 .debug_str     0x0000000000080ce9      0xdd0 ./Drivers/STM32F1xx_HAL_Driver/Src/stm32f1xx_hal_tim.o
                                      0x80769 (size before relaxing)
 .debug_str     0x0000000000081ab9      0x493 ./Drivers/STM32F1xx_HAL_Driver/Src/stm32f1xx_hal_tim_ex.o
                                      0x7ff85 (size before relaxing)

.comment        0x0000000000000000       0x50
 .comment       0x0000000000000000       0x50 ./Core/Src/button_reading.o
                                         0x51 (size before relaxing)
 .comment       0x0000000000000050       0x51 ./Core/Src/fsm_midterm.o
 .comment       0x0000000000000050       0x51 ./Core/Src/globalVar.o
 .comment       0x0000000000000050       0x51 ./Core/Src/led_7seg.o
 .comment       0x0000000000000050       0x51 ./Core/Src/main.o
 .comment       0x0000000000000050       0x51 ./Core/Src/software_timer.o
 .comment       0x0000000000000050       0x51 ./Core/Src/stm32f1xx_hal_msp.o
 .comment       0x0000000000000050       0x51 ./Core/Src/stm32f1xx_it.o
 .comment       0x0000000000000050       0x51 ./Core/Src/system_stm32f1xx.o
 .comment       0x0000000000000050       0x51 ./Drivers/STM32F1xx_HAL_Driver/Src/stm32f1xx_hal.o
 .comment       0x0000000000000050       0x51 ./Drivers/STM32F1xx_HAL_Driver/Src/stm32f1xx_hal_cortex.o
 .comment       0x0000000000000050       0x51 ./Drivers/STM32F1xx_HAL_Driver/Src/stm32f1xx_hal_gpio.o
 .comment       0x0000000000000050       0x51 ./Drivers/STM32F1xx_HAL_Driver/Src/stm32f1xx_hal_rcc.o
 .comment       0x0000000000000050       0x51 ./Drivers/STM32F1xx_HAL_Driver/Src/stm32f1xx_hal_tim.o
 .comment       0x0000000000000050       0x51 ./Drivers/STM32F1xx_HAL_Driver/Src/stm32f1xx_hal_tim_ex.o

.debug_frame    0x0000000000000000     0x27c8
 .debug_frame   0x0000000000000000       0x88 ./Core/Src/button_reading.o
 .debug_frame   0x0000000000000088       0x48 ./Core/Src/fsm_midterm.o
 .debug_frame   0x00000000000000d0       0x38 ./Core/Src/globalVar.o
 .debug_frame   0x0000000000000108       0x34 ./Core/Src/led_7seg.o
 .debug_frame   0x000000000000013c       0xb0 ./Core/Src/main.o
 .debug_frame   0x00000000000001ec       0xe4 ./Core/Src/software_timer.o
 .debug_frame   0x00000000000002d0       0x80 ./Core/Src/stm32f1xx_hal_msp.o
 .debug_frame   0x0000000000000350      0x120 ./Core/Src/stm32f1xx_it.o
 .debug_frame   0x0000000000000470       0x58 ./Core/Src/system_stm32f1xx.o
 .debug_frame   0x00000000000004c8      0x334 ./Drivers/STM32F1xx_HAL_Driver/Src/stm32f1xx_hal.o
 .debug_frame   0x00000000000007fc      0x428 ./Drivers/STM32F1xx_HAL_Driver/Src/stm32f1xx_hal_cortex.o
 .debug_frame   0x0000000000000c24      0x14c ./Drivers/STM32F1xx_HAL_Driver/Src/stm32f1xx_hal_gpio.o
 .debug_frame   0x0000000000000d70      0x21c ./Drivers/STM32F1xx_HAL_Driver/Src/stm32f1xx_hal_rcc.o
 .debug_frame   0x0000000000000f8c     0x11b8 ./Drivers/STM32F1xx_HAL_Driver/Src/stm32f1xx_hal_tim.o
 .debug_frame   0x0000000000002144      0x638 ./Drivers/STM32F1xx_HAL_Driver/Src/stm32f1xx_hal_tim_ex.o
 .debug_frame   0x000000000000277c       0x2c f:/stm32_ide/stm32cubeide_1.10.1/stm32cubeide/plugins/com.st.stm32cube.ide.mcu.externaltools.gnu-tools-for-stm32.10.3-2021.10.win32_1.0.0.202111181127/tools/bin/../lib/gcc/arm-none-eabi/10.3.1/../../../../arm-none-eabi/lib/thumb/v7-m/nofp\libc_nano.a(lib_a-init.o)
 .debug_frame   0x00000000000027a8       0x20 f:/stm32_ide/stm32cubeide_1.10.1/stm32cubeide/plugins/com.st.stm32cube.ide.mcu.externaltools.gnu-tools-for-stm32.10.3-2021.10.win32_1.0.0.202111181127/tools/bin/../lib/gcc/arm-none-eabi/10.3.1/../../../../arm-none-eabi/lib/thumb/v7-m/nofp\libc_nano.a(lib_a-memset.o)
